==============================================================================
TestSpecs                                                                     
==============================================================================
TestSpecs.API                                                                 
==============================================================================
TestSpecs.API.Customer                                                        
==============================================================================
TestSpecs.API.Customer.CustomerValidation                                     
==============================================================================
RT-CU-034 T?o khách hàng th?t b?i khi ngày sinh không h?p l? :: Ki... | FAIL |
B?n ch?a nh?p Tên khách hàng != Ngày sinh không h?p l?
------------------------------------------------------------------------------
TestSpecs.API.Customer.CustomerValidation                             | FAIL |
1 test, 0 passed, 1 failed
==============================================================================
TestSpecs.API.Customer                                                | FAIL |
1 test, 0 passed, 1 failed
==============================================================================
TestSpecs.API                                                         | FAIL |
1 test, 0 passed, 1 failed
==============================================================================
TestSpecs                                                             | FAIL |
1 test, 0 passed, 1 failed
==============================================================================
Output:  D:\LAN\AutoTest\retail-automation-test-v2\pabot_results\0\output.xml
